	.text
ArrayFormalByValue.foo:
MOVE(
 TEMP %rax,
 MEM(
  ADD(
   MEM(
    TEMP t.1, 
    CONST 0, 8),
   MUL(
    ESEQ(
     MOVE(
      TEMP t.1,
      MEM(
       TEMP %rbp, 
       CONST -8, 8)),
     MOVE(
      TEMP t.0,
      CONST 0),
     BLT(
      TEMP t.0,
      CONST 0,
      L.1, L.2),
     LABEL L.2,
     BGE(
      TEMP t.0,
      MEM(
       TEMP t.1, 
       CONST 8, 8),
      L.1, L.3),
     LABEL L.3,
     TEMP t.0),
    CONST 8)), 
  CONST 0, 8)),
JUMP(
 NAME L.0),
LABEL L.0


	.text
ArrayFormalByValue:

