	.text
OpenArrayFormal.foo:
LABEL L.0


	.text
OpenArrayFormal:

