BEGIN _BUILTIN
_BUILTIN.int=int
_BUILTIN.bool=bool
_BUILTIN.false:bool=false
_BUILTIN.true:bool=true
_BUILTIN.Null=^null
_BUILTIN.nil:Null=0
_BUILTIN.Refany=^null
_BUILTIN.Address=^null
_BUILTIN.Root=null
object {
}
_BUILTIN.Text=^null
_BUILTIN.First:(...)
_BUILTIN.Last:(...)
_BUILTIN.New:(...)
_BUILTIN.Number:(...)
BEGIN Override3-ok
Override3-ok.A=Root
object {
0: a:int
0: p:()=null
}
Override3-ok.AB=A
object {
4: b:int
}
Override3-ok.Pa:(VALUE self:A)
Override3-ok.Pab:(VALUE self:AB)
Override3-ok.T1=AB
object {
0: p:()=Override3-ok.Pab:(VALUE self:AB)
}
Override3-ok.T2=A
object {
0: p:()=Override3-ok.Pa:(VALUE self:A)
}
Override3-ok.T3=AB
object {
0: p:()=Override3-ok.Pa:(VALUE self:A)
}
END Override3-ok
END _BUILTIN
