BEGIN _BUILTIN
_BUILTIN.int=int
_BUILTIN.bool=bool
_BUILTIN.false:bool=false
_BUILTIN.true:bool=true
_BUILTIN.Null=^null
_BUILTIN.nil:Null=0
_BUILTIN.Refany=^null
_BUILTIN.Address=^null
_BUILTIN.Root=
object {
}
_BUILTIN.Text=^null
_BUILTIN.First:(...)
_BUILTIN.Last:(...)
_BUILTIN.New:(...)
_BUILTIN.Number:(...)
BEGIN RecordTypeTooLarge
RecordTypeTooLarge.R=
struct {
a:[4095][65535]int
b:[4095][65535]int
c:[4095][65535]int
d:[4095][65535]int
e:[4095][65535]int
f:[4095][65535]int
}
END RecordTypeTooLarge
END _BUILTIN
